
[1m[7m[36m RUN [39m[27m[22m [36mv2.1.9 [39m[90mC:/Users/Admin/dealer-portal-react[39m

 [2m[90m↓[39m[22m src/test/e2e/invoicePaymentFlow.e2e.test.jsx [2m([22m[2m4 tests[22m[2m | [22m[33m4 skipped[39m[2m)[22m

[2m Test Files [22m [33m1 skipped[39m[90m (1)[39m
[2m      Tests [22m [33m4 skipped[39m[90m (4)[39m
[2m   Start at [22m 11:20:32
[2m   Duration [22m 8.04s[2m (transform 548ms, setup 430ms, collect 5.65s, tests 0ms, environment 1.20s, prepare 252ms)[22m

